PHPUnit 11.5.55 by Sebastian Bergmann and contributors.

Error in bootstrap script: PDOException:
SQLSTATE[HY000]: General error: 2006 MySQL server has gone away
#0 C:\xampp\htdocs\cr├©\apps\chat-api\tests\bootstrap.php(49): PDO->exec('CREATE DATABASE...')
#1 C:\xampp\htdocs\cr├©\apps\chat-api\vendor\phpunit\phpunit\src\TextUI\Application.php(352): include_once('C:\\xampp\\htdocs...')
#2 C:\xampp\htdocs\cr├©\apps\chat-api\vendor\phpunit\phpunit\src\TextUI\Application.php(122): PHPUnit\TextUI\Application->loadBootstrapScript('C:\\xampp\\htdocs...')
#3 C:\xampp\htdocs\cr├©\apps\chat-api\vendor\phpunit\phpunit\phpunit(104): PHPUnit\TextUI\Application->run(Array)
#4 C:\xampp\htdocs\cr├©\apps\chat-api\vendor\bin\phpunit(122): include('C:\\xampp\\htdocs...')
#5 {main}
